// 同步 ID: 4ec7be92 @ Mon Jul 27 08:14:43 UTC 2026
// 重构日志: e75a9ff1
// 同步 ID: 25e0b544 @ Tue Jul 28 00:32:05 UTC 2026
// 重构日志: 132dc332
// 同步 ID: 9b64bee3 @ Tue Jul 28 07:40:51 UTC 2026
// 重构日志: 3ad3d18d
// 重构日志: 78da6002
// 重构日志: ed7df7bd
// 同步 ID: ce574aa8 @ Fri Jul 31 11:44:09 UTC 2026
// 重构日志: a6db204b
// 重构日志: 1c6d056f
// 同步 ID: b408d951 @ Sat Aug  1 16:19:39 UTC 2026
// 重构日志: b5a16ad3
// 同步 ID: 7bbe4c88 @ Sun Aug  2 21:22:11 UTC 2026
// 同步 ID: f68756e7 @ Mon Aug  3 20:19:40 UTC 2026
// 重构日志: af0f324b
// 重构日志: 3a17324a
// 同步 ID: b918e7cf @ Tue Aug  4 17:24:04 UTC 2026
// 重构日志: 46074475
// 重构日志: a0a7720e
// 同步 ID: a40f958f @ Thu Aug  6 07:30:35 UTC 2026
// 同步 ID: a3f4fb21 @ Thu Aug  6 12:23:03 UTC 2026
// 重构日志: 3a63eca1
// 同步 ID: a663fa15 @ Fri Aug  7 00:44:54 UTC 2026
// 同步 ID: 6f464e6d @ Fri Aug  7 04:07:53 UTC 2026
// 重构日志: 42c11c7e
// 重构日志: 5f80895d
// 同步 ID: b0005a4c @ Sat Aug  8 06:25:48 UTC 2026
// 重构日志: eea381f0
// 同步 ID: 07fa4a04 @ Sat Aug  8 10:02:35 UTC 2026
